
> frontend@0.0.0 build
> vite build

[36mvite v8.0.8 [32mbuilding client environment for production...[36m[39m
[2K
transforming...Γ£ô 2195 modules transformed.
node.exe : [31mΓ£ù[39m Build failed in 450ms
At line:1 char:1
+ & "C:\Program Files\nodejs/node.exe" "C:\Program Files\nodejs/node_mo ...
+ ~~~~~~~~~~~~~~~~~~~~~~~~~~~~~~~~~~~~~~~~~~~~~~~~~~~~~~~~~~~~~~~~~~~~~
    + CategoryInfo          : NotSpecified: ([31mΓ£ù[39m Build failed in 450ms:String) [], RemoteException
    + FullyQualifiedErrorId : NativeCommandError
 
[31merror during build:
[31mBuild failed with 1 error:

[31m[builtin:vite-transform] Error:[0m Expected a semicolon or an implicit semicolon after a statement, but found 
none
    [38;5;246mΓò¡[0m[38;5;246mΓöÇ[0m[38;5;246m[[0m src/components/Sidebar.jsx:19:30 [38;5;246m][0m
    [38;5;246mΓöé[0m
 [38;5;246m19 Γöé[0m [38;5;249m [0m[38;5;249m [0m[38;5;249m [0m[38;5;249m [0m[38;5;249m{[0m[38;5;249m 
[0m[38;5;249mn[0m[38;5;249ma[0m[38;5;249mm[0m[38;5;249me[0m[38;5;249m:[0m[38;5;249m [0m[38;5;249m'[0m[3
8;5;249mD[0m[38;5;249ma[0m[38;5;249ms[0m[38;5;249mh[0m[38;5;249mb[0m[38;5;249mo[0m[38;5;249ma[0m[38;5;249
mr[0m[38;5;249md[0m[38;5;249m'[0m[38;5;249m,[0m[38;5;249m 
[0m[38;5;249mi[0m[38;5;249mc[0m[38;5;249mo[0m[38;5;249mn[0m[38;5;249m:[0m[38;5;249m [0m[38;5;249m<[0m[3
8;5;249mL[0m[38;5;249ma[0m[38;5;249my[0m[38;5;249mo[0m[38;5;249mu[0m[38;5;249mt[0m[38;5;249mD[0m[38;5;249
ma[0m[38;5;249ms[0m[38;5;249mh[0m[38;5;249mb[0m[38;5;249mo[0m[38;5;249ma[0m[38;5;249mr[0m[38;5;249md[0m
[38;5;249m [0m[38;5;249ms[0m[38;5;249mi[0m[38;5;249mz[0m[38;5;249me[0m[38;5;249m=[0m[38;5;249m{[0m[38;5;2
49m2[0m[38;5;249m0[0m[38;5;249m}[0m[38;5;249m [0m[38;5;249m/[0m[38;5;249m>[0m[38;5;249m,[0m[38;5;249m 
[0m[38;5;249mp[0m[38;5;249ma[0m[38;5;249mt[0m[38;5;249mh[0m[38;5;249m:[0m[38;5;249m 
[0m[38;5;249m'[0m[38;5;249m/[0m[38;5;249m'[0m[38;5;249m [0m[38;5;249m}[0m[38;5;249m,[0m
 [38;5;240m   Γöé[0m                              Γöé 
 [38;5;240m   Γöé[0m                              Γò░ΓöÇ 
 [38;5;240m   Γöé[0m 
 [38;5;240m   Γöé[0m [38;5;115mHelp[0m: Try inserting a semicolon here
[38;5;246mΓöÇΓöÇΓöÇΓöÇΓò»[0m
[31m
    at aggregateBindingErrorsIntoJsError (file:///C:/Users/apoor/Downloads/MMV-portal-main%20(1)/MMV-portal-main/fronte
nd/node_modules/rolldown/dist/shared/error-w0u7biK-.mjs:48:18)
    at unwrapBindingResult (file:///C:/Users/apoor/Downloads/MMV-portal-main%20(1)/MMV-portal-main/frontend/node_module
s/rolldown/dist/shared/error-w0u7biK-.mjs:18:128)
    at #build (file:///C:/Users/apoor/Downloads/MMV-portal-main%20(1)/MMV-portal-main/frontend/node_modules/rolldown/di
st/shared/rolldown-build-DtGk-m96.mjs:3313:34)
    at async buildEnvironment (file:///C:/Users/apoor/Downloads/MMV-portal-main%20(1)/MMV-portal-main/frontend/node_mod
ules/vite/dist/node/chunks/node.js:32954:64)
    at async Object.build (file:///C:/Users/apoor/Downloads/MMV-portal-main%20(1)/MMV-portal-main/frontend/node_modules
/vite/dist/node/chunks/node.js:33376:19)
    at async Object.buildApp (file:///C:/Users/apoor/Downloads/MMV-portal-main%20(1)/MMV-portal-main/frontend/node_modu
les/vite/dist/node/chunks/node.js:33373:153)
    at async CAC.<anonymous> (file:///C:/Users/apoor/Downloads/MMV-portal-main%20(1)/MMV-portal-main/frontend/node_modu
les/vite/dist/node/cli.js:778:3) {
  errors: [Getter/Setter]
}[39m
